01_labeled_only_f0p05_tnone_seed42
  labels=135/2685 source=77.69 target=55.64
01_labeled_only_f0p05_tnone_seed123
  labels=135/2685 source=79.74 target=47.18
02_fixmatch_f0p05_t0p8_seed42
  labels=135/2685 source=75.13 target=49.49
02_fixmatch_f0p05_t0p8_seed123
  labels=135/2685 source=74.62 target=40.51
03_fixmatch_f0p05_t0p95_seed42
  labels=135/2685 source=76.41 target=54.10
03_fixmatch_f0p05_t0p95_seed123
  labels=135/2685 source=74.62 target=47.95
04_labeled_only_f0p1_tnone_seed42
  labels=270/2685 source=80.00 target=62.82
04_labeled_only_f0p1_tnone_seed123
  labels=270/2685 source=79.74 target=60.26
05_fixmatch_f0p1_t0p8_seed42
  labels=270/2685 source=79.49 target=55.13
05_fixmatch_f0p1_t0p8_seed123
  labels=270/2685 source=76.67 target=50.26
06_fixmatch_f0p1_t0p95_seed42
  labels=270/2685 source=80.77 target=65.64
06_fixmatch_f0p1_t0p95_seed123
  labels=270/2685 source=77.44 target=63.33
07_labeled_only_f0p2_tnone_seed42
  labels=540/2685 source=77.69 target=69.49
07_labeled_only_f0p2_tnone_seed123
  labels=540/2685 source=77.95 target=68.97
08_fixmatch_f0p2_t0p8_seed42
  labels=540/2685 source=78.97 target=58.97
08_fixmatch_f0p2_t0p8_seed123
  labels=540/2685 source=70.77 target=58.72
09_fixmatch_f0p2_t0p95_seed42
  labels=540/2685 source=81.03 target=70.26
09_fixmatch_f0p2_t0p95_seed123
  labels=540/2685 source=78.97 target=69.23
10_labeled_only_f0p3_tnone_seed42
  labels=810/2685 source=78.21 target=74.87
10_labeled_only_f0p3_tnone_seed123
  labels=810/2685 source=77.95 target=74.36
11_fixmatch_f0p3_t0p8_seed42
  labels=810/2685 source=76.15 target=64.36
11_fixmatch_f0p3_t0p8_seed123
  labels=810/2685 source=76.41 target=68.97
12_fixmatch_f0p3_t0p95_seed42
  labels=810/2685 source=79.23 target=75.64
12_fixmatch_f0p3_t0p95_seed123
  labels=810/2685 source=77.95 target=74.87
13_labeled_only_f0p4_tnone_seed42
  labels=1080/2685 source=77.95 target=76.67
13_labeled_only_f0p4_tnone_seed123
  labels=1080/2685 source=79.23 target=72.82
14_fixmatch_f0p4_t0p8_seed42
  labels=1080/2685 source=77.95 target=67.18
14_fixmatch_f0p4_t0p8_seed123
  labels=1080/2685 source=77.69 target=72.82
15_fixmatch_f0p4_t0p95_seed42
  labels=1080/2685 source=79.23 target=76.41
15_fixmatch_f0p4_t0p95_seed123
  labels=1080/2685 source=78.21 target=73.59
labeled_only 5% 83.72549019607843 55.55555555555556
fixmatch 5% 81.76470588235293 52.02614379084967
labeled_only 10% 84.37908496732027 62.74509803921569
fixmatch 10% 84.640522875817 62.22222222222223
labeled_only 20% 84.44444444444444 69.08496732026144
fixmatch 20% 85.75163398692811 66.01307189542484
labeled_only 30% 84.18300653594771 77.12418300653594
fixmatch 30% 84.37908496732027 74.640522875817
labeled_only 40% 84.11764705882354 78.10457516339869
fixmatch 40% 84.90196078431373 77.12418300653594
